... and another thing ... I feel like nut
... and another thing ... I feel like nut
Maybe not, huh?
The quick brown fox

